// Jest Snapshot v1, https://goo.gl/fbAQLP

exports[`Avatar renders correctly 1`] = `
<div
  class="sked-avatar"
>
  EA
</div>
`;
